>sp|O93740|BACR_HALS4 Bacteriorhodopsin Halobacterium sp.
OOOOOOOOOOOOOOOOOMMMMMMMMMMMMMMMMMMMMMIIIIIIIIIIIMMMMMMMMMMMMMMMMMMMMMOOOOOOOOOOOOOOOOOOOOMMMMMMMMMMMMMMMMMMMMMIIIMMMMMMMMMMMMMMMMMMMMMOOOOOMMMMMMMMMMMMMMMMMMMMMIIIIIIIIIIIIIIIIIMMMMMMMMMMMMMMMMMMMMMOOOOOOOOOOOOOOOOOOOOOOOOOOOOOOOOOOOOOOOOOOOOOOOOOOO
>sp|P00803|LEP_ECOLI Signal peptidase I Escherichia coli
OMMMMMMMMMMMMMMMMMMMMMIIIIIIIIIIIIIIIIIIIIIIIIIIIIIIIIIIIIIIIIMMMMMMMMMMMMMMMMMMMMMOOOOOOOOOOOOOOOOOOOOOOOOOOOOOOOOOOOOOOOOOOOOOOOOOOOOOOOOOOOOOOOOOOOOOOOOOOOOOOOOOOOOOOOOOOOOOOOOOOOOOOOOOOOOOOOOOOOOOOOOOOOOOOOOOOOOOOOOOOOOOOOOOOOOOOOOOOOOOOOOOOOOOOOOOOOOOOOOOOOOOOOOOOOOOOOOOOOOOOOOOOOOOOOOOOOOOOOOOOOOOOOOOOOOOOOOOOOOOOOOO
>sp|P47865|AQP1_BOVIN Aquaporin-1 Bos taurus
IIIIIIIIMMMMMMMMMMMMMMMMMMMMMOOOOOOOOOOOOOOOOOOOOOOOOOOOOOOOOOOOOOOOOOOOOOOOOOMMMMMMMMMMMMMMMMMMMMMIMMMMMMMMMMMMMMMMMMMMMOOOOOOOOOOOOOOOOOOMMMMMMMMMMMMMMMMMMMMMIIIIIIIIMMMMMMMMMMMMMMMMMMMMMOOOOOOOOOOOOOOOOOOOOOOOMMMMMMMMMMMMMMMMMMMMMIIIIIIIIIIIIIIIIIIIIIIIIIIIIIIIIIIIIII
>sp|P62737|ACTA_MOUSE Actin, aortic smooth muscle Mus musculus
OOOOOOOOOOOOOOOOOOOOOOOOOOOOOOOOOOOOOOOOOOOOOOOOOOOOOOOOOOOOOOOOOOOOOOOOOOOOOOOOOOOOOOOOOOOOOOOOOOOOOOOOOOOOOOOOOOOOOOOOOOOOOOOOOOOOOOOOOOOOOOOOOOOOOOOOOOOOOOOOOOOOOOOOOOOOOOOOOOOOOOOOOOOOOOOOOOOOOOOOOOOOOOOOOOOOOOOOOOOOOOOOOOOOOOOOOOOOOOOOOOOOOOOOOOOOOOOOOOOOOOOOOOOOOOOOOOOOOOOOOOOOOOOOOOOOOOOOOOOOOOOOOOOOOOOOOOOOOOOOOOOOOOOOOOOOOOOOOOOOOOOOOOOOOOOOOOOOOOOOOOOOOOOOOOOOOOOOO
>sp|P69905|HBA_HUMAN Hemoglobin subunit alpha Homo sapiens
OOOOOOOOOOOOOOOOOOOOOOOOOOOOOOOOOOOOOOOOOOOOOOOOOOOOOOOOOOOOOOOOOOOOOOOOOOOOOOOOOOOOOOOOOOOOOOOOOOOOOOOOOOOOOOOOOOOOOOOOOOOOOOOOOOOOOOOOOOOOOO
